// Jest Snapshot v1, https://goo.gl/fbAQLP

exports[`<Exits /> renders 1`] = `
ShallowWrapper {
  "length": 1,
  Symbol(enzyme.__root__): [Circular],
  Symbol(enzyme.__unrendered__): <_default
    action={[Function]}
    exits={
      Array [
        Object {
          "description": Array [
            "A door",
          ],
          "destination": 1,
          "id": 0,
        },
        Object {
          "description": Array [
            "A hole",
          ],
          "destination": 0,
          "id": 1,
        },
      ]
    }
  />,
  Symbol(enzyme.__renderer__): Object {
    "batchedUpdates": [Function],
    "getNode": [Function],
    "render": [Function],
    "simulateEvent": [Function],
    "unmount": [Function],
  },
  Symbol(enzyme.__node__): Object {
    "instance": null,
    "key": undefined,
    "nodeType": "class",
    "props": Object {
      "children": Array [
        <Exits__Exit>
          <_default
            onClick={[Function]}
          >
            A door
          </_default>
        </Exits__Exit>,
        <Exits__Exit>
          <_default
            onClick={[Function]}
          >
            A hole
          </_default>
        </Exits__Exit>,
      ],
    },
    "ref": null,
    "rendered": Array [
      Object {
        "instance": null,
        "key": "0",
        "nodeType": "class",
        "props": Object {
          "children": <_default
            onClick={[Function]}
          >
            A door
          </_default>,
        },
        "ref": null,
        "rendered": Object {
          "instance": null,
          "key": undefined,
          "nodeType": "class",
          "props": Object {
            "children": Array [
              "A door",
            ],
            "onClick": [Function],
          },
          "ref": null,
          "rendered": Array [
            "A door",
          ],
          "type": [Function],
        },
        "type": [Function],
      },
      Object {
        "instance": null,
        "key": "1",
        "nodeType": "class",
        "props": Object {
          "children": <_default
            onClick={[Function]}
          >
            A hole
          </_default>,
        },
        "ref": null,
        "rendered": Object {
          "instance": null,
          "key": undefined,
          "nodeType": "class",
          "props": Object {
            "children": Array [
              "A hole",
            ],
            "onClick": [Function],
          },
          "ref": null,
          "rendered": Array [
            "A hole",
          ],
          "type": [Function],
        },
        "type": [Function],
      },
    ],
    "type": [Function],
  },
  Symbol(enzyme.__nodes__): Array [
    Object {
      "instance": null,
      "key": undefined,
      "nodeType": "class",
      "props": Object {
        "children": Array [
          <Exits__Exit>
            <_default
              onClick={[Function]}
            >
              A door
            </_default>
          </Exits__Exit>,
          <Exits__Exit>
            <_default
              onClick={[Function]}
            >
              A hole
            </_default>
          </Exits__Exit>,
        ],
      },
      "ref": null,
      "rendered": Array [
        Object {
          "instance": null,
          "key": "0",
          "nodeType": "class",
          "props": Object {
            "children": <_default
              onClick={[Function]}
            >
              A door
            </_default>,
          },
          "ref": null,
          "rendered": Object {
            "instance": null,
            "key": undefined,
            "nodeType": "class",
            "props": Object {
              "children": Array [
                "A door",
              ],
              "onClick": [Function],
            },
            "ref": null,
            "rendered": Array [
              "A door",
            ],
            "type": [Function],
          },
          "type": [Function],
        },
        Object {
          "instance": null,
          "key": "1",
          "nodeType": "class",
          "props": Object {
            "children": <_default
              onClick={[Function]}
            >
              A hole
            </_default>,
          },
          "ref": null,
          "rendered": Object {
            "instance": null,
            "key": undefined,
            "nodeType": "class",
            "props": Object {
              "children": Array [
                "A hole",
              ],
              "onClick": [Function],
            },
            "ref": null,
            "rendered": Array [
              "A hole",
            ],
            "type": [Function],
          },
          "type": [Function],
        },
      ],
      "type": [Function],
    },
  ],
  Symbol(enzyme.__options__): Object {
    "adapter": ReactSixteenAdapter {
      "options": Object {
        "enableComponentDidUpdateOnSetState": true,
      },
    },
  },
}
`;
