// Jest Snapshot v1, https://goo.gl/fbAQLP

exports[`<UITest /> renders 1`] = `
ShallowWrapper {
  "length": 1,
  Symbol(enzyme.__root__): [Circular],
  Symbol(enzyme.__unrendered__): <UITest />,
  Symbol(enzyme.__renderer__): Object {
    "batchedUpdates": [Function],
    "getNode": [Function],
    "render": [Function],
    "simulateEvent": [Function],
    "unmount": [Function],
  },
  Symbol(enzyme.__node__): Object {
    "instance": null,
    "key": undefined,
    "nodeType": "class",
    "props": Object {
      "children": Array [
        <UITest__RoomDescription>
          <UITest__AreaName>
            Villespont, 
            <em>
              the City of Bridges
            </em>
          </UITest__AreaName>
          <UITest__RoomName>
            <strong>
              Lower Arch Station
            </strong>
            , the demilitarised zone
          </UITest__RoomName>
          <p>
            On a nearby corner a violin sings; the cadence of its bow dancing in time with the rhythm of your thoughts.
          </p>
          <p>
            You feel the weight of the bridges above you.
          </p>
        </UITest__RoomDescription>,
        <UITest__ActionPanel>
          A young lady is here. She seems bored.
        </UITest__ActionPanel>,
        <UITest__StatusBar>
          <p>
            It is late in the day.
          </p>
          <p>
            You feel oppressed, and hungry.
          </p>
        </UITest__StatusBar>,
      ],
    },
    "ref": null,
    "rendered": Array [
      Object {
        "instance": null,
        "key": undefined,
        "nodeType": "class",
        "props": Object {
          "children": Array [
            <UITest__AreaName>
              Villespont, 
              <em>
                the City of Bridges
              </em>
            </UITest__AreaName>,
            <UITest__RoomName>
              <strong>
                Lower Arch Station
              </strong>
              , the demilitarised zone
            </UITest__RoomName>,
            <p>
              On a nearby corner a violin sings; the cadence of its bow dancing in time with the rhythm of your thoughts.
            </p>,
            <p>
              You feel the weight of the bridges above you.
            </p>,
          ],
        },
        "ref": null,
        "rendered": Array [
          Object {
            "instance": null,
            "key": undefined,
            "nodeType": "class",
            "props": Object {
              "children": Array [
                "Villespont, ",
                <em>
                  the City of Bridges
                </em>,
              ],
            },
            "ref": null,
            "rendered": Array [
              "Villespont, ",
              Object {
                "instance": null,
                "key": undefined,
                "nodeType": "host",
                "props": Object {
                  "children": "the City of Bridges",
                },
                "ref": null,
                "rendered": "the City of Bridges",
                "type": "em",
              },
            ],
            "type": [Function],
          },
          Object {
            "instance": null,
            "key": undefined,
            "nodeType": "class",
            "props": Object {
              "children": Array [
                <strong>
                  Lower Arch Station
                </strong>,
                ", the demilitarised zone",
              ],
            },
            "ref": null,
            "rendered": Array [
              Object {
                "instance": null,
                "key": undefined,
                "nodeType": "host",
                "props": Object {
                  "children": "Lower Arch Station",
                },
                "ref": null,
                "rendered": "Lower Arch Station",
                "type": "strong",
              },
              ", the demilitarised zone",
            ],
            "type": [Function],
          },
          Object {
            "instance": null,
            "key": undefined,
            "nodeType": "host",
            "props": Object {
              "children": "On a nearby corner a violin sings; the cadence of its bow dancing in time with the rhythm of your thoughts.",
            },
            "ref": null,
            "rendered": "On a nearby corner a violin sings; the cadence of its bow dancing in time with the rhythm of your thoughts.",
            "type": "p",
          },
          Object {
            "instance": null,
            "key": undefined,
            "nodeType": "host",
            "props": Object {
              "children": "You feel the weight of the bridges above you.",
            },
            "ref": null,
            "rendered": "You feel the weight of the bridges above you.",
            "type": "p",
          },
        ],
        "type": [Function],
      },
      Object {
        "instance": null,
        "key": undefined,
        "nodeType": "class",
        "props": Object {
          "children": "A young lady is here. She seems bored.",
        },
        "ref": null,
        "rendered": "A young lady is here. She seems bored.",
        "type": [Function],
      },
      Object {
        "instance": null,
        "key": undefined,
        "nodeType": "class",
        "props": Object {
          "children": Array [
            <p>
              It is late in the day.
            </p>,
            <p>
              You feel oppressed, and hungry.
            </p>,
          ],
        },
        "ref": null,
        "rendered": Array [
          Object {
            "instance": null,
            "key": undefined,
            "nodeType": "host",
            "props": Object {
              "children": "It is late in the day.",
            },
            "ref": null,
            "rendered": "It is late in the day.",
            "type": "p",
          },
          Object {
            "instance": null,
            "key": undefined,
            "nodeType": "host",
            "props": Object {
              "children": "You feel oppressed, and hungry.",
            },
            "ref": null,
            "rendered": "You feel oppressed, and hungry.",
            "type": "p",
          },
        ],
        "type": [Function],
      },
    ],
    "type": [Function],
  },
  Symbol(enzyme.__nodes__): Array [
    Object {
      "instance": null,
      "key": undefined,
      "nodeType": "class",
      "props": Object {
        "children": Array [
          <UITest__RoomDescription>
            <UITest__AreaName>
              Villespont, 
              <em>
                the City of Bridges
              </em>
            </UITest__AreaName>
            <UITest__RoomName>
              <strong>
                Lower Arch Station
              </strong>
              , the demilitarised zone
            </UITest__RoomName>
            <p>
              On a nearby corner a violin sings; the cadence of its bow dancing in time with the rhythm of your thoughts.
            </p>
            <p>
              You feel the weight of the bridges above you.
            </p>
          </UITest__RoomDescription>,
          <UITest__ActionPanel>
            A young lady is here. She seems bored.
          </UITest__ActionPanel>,
          <UITest__StatusBar>
            <p>
              It is late in the day.
            </p>
            <p>
              You feel oppressed, and hungry.
            </p>
          </UITest__StatusBar>,
        ],
      },
      "ref": null,
      "rendered": Array [
        Object {
          "instance": null,
          "key": undefined,
          "nodeType": "class",
          "props": Object {
            "children": Array [
              <UITest__AreaName>
                Villespont, 
                <em>
                  the City of Bridges
                </em>
              </UITest__AreaName>,
              <UITest__RoomName>
                <strong>
                  Lower Arch Station
                </strong>
                , the demilitarised zone
              </UITest__RoomName>,
              <p>
                On a nearby corner a violin sings; the cadence of its bow dancing in time with the rhythm of your thoughts.
              </p>,
              <p>
                You feel the weight of the bridges above you.
              </p>,
            ],
          },
          "ref": null,
          "rendered": Array [
            Object {
              "instance": null,
              "key": undefined,
              "nodeType": "class",
              "props": Object {
                "children": Array [
                  "Villespont, ",
                  <em>
                    the City of Bridges
                  </em>,
                ],
              },
              "ref": null,
              "rendered": Array [
                "Villespont, ",
                Object {
                  "instance": null,
                  "key": undefined,
                  "nodeType": "host",
                  "props": Object {
                    "children": "the City of Bridges",
                  },
                  "ref": null,
                  "rendered": "the City of Bridges",
                  "type": "em",
                },
              ],
              "type": [Function],
            },
            Object {
              "instance": null,
              "key": undefined,
              "nodeType": "class",
              "props": Object {
                "children": Array [
                  <strong>
                    Lower Arch Station
                  </strong>,
                  ", the demilitarised zone",
                ],
              },
              "ref": null,
              "rendered": Array [
                Object {
                  "instance": null,
                  "key": undefined,
                  "nodeType": "host",
                  "props": Object {
                    "children": "Lower Arch Station",
                  },
                  "ref": null,
                  "rendered": "Lower Arch Station",
                  "type": "strong",
                },
                ", the demilitarised zone",
              ],
              "type": [Function],
            },
            Object {
              "instance": null,
              "key": undefined,
              "nodeType": "host",
              "props": Object {
                "children": "On a nearby corner a violin sings; the cadence of its bow dancing in time with the rhythm of your thoughts.",
              },
              "ref": null,
              "rendered": "On a nearby corner a violin sings; the cadence of its bow dancing in time with the rhythm of your thoughts.",
              "type": "p",
            },
            Object {
              "instance": null,
              "key": undefined,
              "nodeType": "host",
              "props": Object {
                "children": "You feel the weight of the bridges above you.",
              },
              "ref": null,
              "rendered": "You feel the weight of the bridges above you.",
              "type": "p",
            },
          ],
          "type": [Function],
        },
        Object {
          "instance": null,
          "key": undefined,
          "nodeType": "class",
          "props": Object {
            "children": "A young lady is here. She seems bored.",
          },
          "ref": null,
          "rendered": "A young lady is here. She seems bored.",
          "type": [Function],
        },
        Object {
          "instance": null,
          "key": undefined,
          "nodeType": "class",
          "props": Object {
            "children": Array [
              <p>
                It is late in the day.
              </p>,
              <p>
                You feel oppressed, and hungry.
              </p>,
            ],
          },
          "ref": null,
          "rendered": Array [
            Object {
              "instance": null,
              "key": undefined,
              "nodeType": "host",
              "props": Object {
                "children": "It is late in the day.",
              },
              "ref": null,
              "rendered": "It is late in the day.",
              "type": "p",
            },
            Object {
              "instance": null,
              "key": undefined,
              "nodeType": "host",
              "props": Object {
                "children": "You feel oppressed, and hungry.",
              },
              "ref": null,
              "rendered": "You feel oppressed, and hungry.",
              "type": "p",
            },
          ],
          "type": [Function],
        },
      ],
      "type": [Function],
    },
  ],
  Symbol(enzyme.__options__): Object {
    "adapter": ReactSixteenAdapter {
      "options": Object {
        "enableComponentDidUpdateOnSetState": true,
      },
    },
  },
}
`;
