// Jest Snapshot v1, https://goo.gl/fbAQLP

exports[`<Actor /> renders 1`] = `
ShallowWrapper {
  "length": 1,
  Symbol(enzyme.__root__): [Circular],
  Symbol(enzyme.__unrendered__): <_default />,
  Symbol(enzyme.__renderer__): Object {
    "batchedUpdates": [Function],
    "getNode": [Function],
    "render": [Function],
    "simulateEvent": [Function],
    "unmount": [Function],
  },
  Symbol(enzyme.__node__): Object {
    "instance": null,
    "key": undefined,
    "nodeType": "class",
    "props": Object {
      "children": <_default
        onClick={[Function]}
      >
        A middle-aged woman
         is here.
      </_default>,
    },
    "ref": null,
    "rendered": Object {
      "instance": null,
      "key": undefined,
      "nodeType": "class",
      "props": Object {
        "children": Array [
          "A middle-aged woman",
          " is here.",
        ],
        "onClick": [Function],
      },
      "ref": null,
      "rendered": Array [
        "A middle-aged woman",
        " is here.",
      ],
      "type": [Function],
    },
    "type": [Function],
  },
  Symbol(enzyme.__nodes__): Array [
    Object {
      "instance": null,
      "key": undefined,
      "nodeType": "class",
      "props": Object {
        "children": <_default
          onClick={[Function]}
        >
          A middle-aged woman
           is here.
        </_default>,
      },
      "ref": null,
      "rendered": Object {
        "instance": null,
        "key": undefined,
        "nodeType": "class",
        "props": Object {
          "children": Array [
            "A middle-aged woman",
            " is here.",
          ],
          "onClick": [Function],
        },
        "ref": null,
        "rendered": Array [
          "A middle-aged woman",
          " is here.",
        ],
        "type": [Function],
      },
      "type": [Function],
    },
  ],
  Symbol(enzyme.__options__): Object {
    "adapter": ReactSixteenAdapter {
      "options": Object {
        "enableComponentDidUpdateOnSetState": true,
      },
    },
  },
}
`;
