// Jest Snapshot v1, https://goo.gl/fbAQLP

exports[`<Room /> renders 1`] = `
ShallowWrapper {
  "length": 1,
  Symbol(enzyme.__root__): [Circular],
  Symbol(enzyme.__unrendered__): <_default />,
  Symbol(enzyme.__renderer__): Object {
    "batchedUpdates": [Function],
    "getNode": [Function],
    "render": [Function],
    "simulateEvent": [Function],
    "unmount": [Function],
  },
  Symbol(enzyme.__node__): Object {
    "instance": null,
    "key": undefined,
    "nodeType": "class",
    "props": Object {
      "children": <Room__RoomDescription>
        <Room__AreaName>
          Villespont, 
          <em>
            the City of Bridges
          </em>
        </Room__AreaName>
        <Room__RoomName>
          <strong>
            Lower Arch Station
          </strong>
          , the demilitarised zone
        </Room__RoomName>
        <p>
          On a nearby corner a violin sings; the cadence of its bow dancing in time with the rhythm of your thoughts.
        </p>
        <p>
          You feel the weight of the bridges above you.
        </p>
        <Room__Exits>
          <div>
            A bridge stretches away to the east.
          </div>
          <div>
            There is a closed door at the end of the platform.
          </div>
        </Room__Exits>
      </Room__RoomDescription>,
    },
    "ref": null,
    "rendered": Object {
      "instance": null,
      "key": undefined,
      "nodeType": "class",
      "props": Object {
        "children": Array [
          <Room__AreaName>
            Villespont, 
            <em>
              the City of Bridges
            </em>
          </Room__AreaName>,
          <Room__RoomName>
            <strong>
              Lower Arch Station
            </strong>
            , the demilitarised zone
          </Room__RoomName>,
          <p>
            On a nearby corner a violin sings; the cadence of its bow dancing in time with the rhythm of your thoughts.
          </p>,
          <p>
            You feel the weight of the bridges above you.
          </p>,
          <Room__Exits>
            <div>
              A bridge stretches away to the east.
            </div>
            <div>
              There is a closed door at the end of the platform.
            </div>
          </Room__Exits>,
        ],
      },
      "ref": null,
      "rendered": Array [
        Object {
          "instance": null,
          "key": undefined,
          "nodeType": "class",
          "props": Object {
            "children": Array [
              "Villespont, ",
              <em>
                the City of Bridges
              </em>,
            ],
          },
          "ref": null,
          "rendered": Array [
            "Villespont, ",
            Object {
              "instance": null,
              "key": undefined,
              "nodeType": "host",
              "props": Object {
                "children": "the City of Bridges",
              },
              "ref": null,
              "rendered": "the City of Bridges",
              "type": "em",
            },
          ],
          "type": [Function],
        },
        Object {
          "instance": null,
          "key": undefined,
          "nodeType": "class",
          "props": Object {
            "children": Array [
              <strong>
                Lower Arch Station
              </strong>,
              ", the demilitarised zone",
            ],
          },
          "ref": null,
          "rendered": Array [
            Object {
              "instance": null,
              "key": undefined,
              "nodeType": "host",
              "props": Object {
                "children": "Lower Arch Station",
              },
              "ref": null,
              "rendered": "Lower Arch Station",
              "type": "strong",
            },
            ", the demilitarised zone",
          ],
          "type": [Function],
        },
        Object {
          "instance": null,
          "key": undefined,
          "nodeType": "host",
          "props": Object {
            "children": "On a nearby corner a violin sings; the cadence of its bow dancing in time with the rhythm of your thoughts.",
          },
          "ref": null,
          "rendered": "On a nearby corner a violin sings; the cadence of its bow dancing in time with the rhythm of your thoughts.",
          "type": "p",
        },
        Object {
          "instance": null,
          "key": undefined,
          "nodeType": "host",
          "props": Object {
            "children": "You feel the weight of the bridges above you.",
          },
          "ref": null,
          "rendered": "You feel the weight of the bridges above you.",
          "type": "p",
        },
        Object {
          "instance": null,
          "key": undefined,
          "nodeType": "class",
          "props": Object {
            "children": Array [
              <div>
                A bridge stretches away to the east.
              </div>,
              <div>
                There is a closed door at the end of the platform.
              </div>,
            ],
          },
          "ref": null,
          "rendered": Array [
            Object {
              "instance": null,
              "key": undefined,
              "nodeType": "host",
              "props": Object {
                "children": "A bridge stretches away to the east.",
              },
              "ref": null,
              "rendered": "A bridge stretches away to the east.",
              "type": "div",
            },
            Object {
              "instance": null,
              "key": undefined,
              "nodeType": "host",
              "props": Object {
                "children": "There is a closed door at the end of the platform.",
              },
              "ref": null,
              "rendered": "There is a closed door at the end of the platform.",
              "type": "div",
            },
          ],
          "type": [Function],
        },
      ],
      "type": [Function],
    },
    "type": [Function],
  },
  Symbol(enzyme.__nodes__): Array [
    Object {
      "instance": null,
      "key": undefined,
      "nodeType": "class",
      "props": Object {
        "children": <Room__RoomDescription>
          <Room__AreaName>
            Villespont, 
            <em>
              the City of Bridges
            </em>
          </Room__AreaName>
          <Room__RoomName>
            <strong>
              Lower Arch Station
            </strong>
            , the demilitarised zone
          </Room__RoomName>
          <p>
            On a nearby corner a violin sings; the cadence of its bow dancing in time with the rhythm of your thoughts.
          </p>
          <p>
            You feel the weight of the bridges above you.
          </p>
          <Room__Exits>
            <div>
              A bridge stretches away to the east.
            </div>
            <div>
              There is a closed door at the end of the platform.
            </div>
          </Room__Exits>
        </Room__RoomDescription>,
      },
      "ref": null,
      "rendered": Object {
        "instance": null,
        "key": undefined,
        "nodeType": "class",
        "props": Object {
          "children": Array [
            <Room__AreaName>
              Villespont, 
              <em>
                the City of Bridges
              </em>
            </Room__AreaName>,
            <Room__RoomName>
              <strong>
                Lower Arch Station
              </strong>
              , the demilitarised zone
            </Room__RoomName>,
            <p>
              On a nearby corner a violin sings; the cadence of its bow dancing in time with the rhythm of your thoughts.
            </p>,
            <p>
              You feel the weight of the bridges above you.
            </p>,
            <Room__Exits>
              <div>
                A bridge stretches away to the east.
              </div>
              <div>
                There is a closed door at the end of the platform.
              </div>
            </Room__Exits>,
          ],
        },
        "ref": null,
        "rendered": Array [
          Object {
            "instance": null,
            "key": undefined,
            "nodeType": "class",
            "props": Object {
              "children": Array [
                "Villespont, ",
                <em>
                  the City of Bridges
                </em>,
              ],
            },
            "ref": null,
            "rendered": Array [
              "Villespont, ",
              Object {
                "instance": null,
                "key": undefined,
                "nodeType": "host",
                "props": Object {
                  "children": "the City of Bridges",
                },
                "ref": null,
                "rendered": "the City of Bridges",
                "type": "em",
              },
            ],
            "type": [Function],
          },
          Object {
            "instance": null,
            "key": undefined,
            "nodeType": "class",
            "props": Object {
              "children": Array [
                <strong>
                  Lower Arch Station
                </strong>,
                ", the demilitarised zone",
              ],
            },
            "ref": null,
            "rendered": Array [
              Object {
                "instance": null,
                "key": undefined,
                "nodeType": "host",
                "props": Object {
                  "children": "Lower Arch Station",
                },
                "ref": null,
                "rendered": "Lower Arch Station",
                "type": "strong",
              },
              ", the demilitarised zone",
            ],
            "type": [Function],
          },
          Object {
            "instance": null,
            "key": undefined,
            "nodeType": "host",
            "props": Object {
              "children": "On a nearby corner a violin sings; the cadence of its bow dancing in time with the rhythm of your thoughts.",
            },
            "ref": null,
            "rendered": "On a nearby corner a violin sings; the cadence of its bow dancing in time with the rhythm of your thoughts.",
            "type": "p",
          },
          Object {
            "instance": null,
            "key": undefined,
            "nodeType": "host",
            "props": Object {
              "children": "You feel the weight of the bridges above you.",
            },
            "ref": null,
            "rendered": "You feel the weight of the bridges above you.",
            "type": "p",
          },
          Object {
            "instance": null,
            "key": undefined,
            "nodeType": "class",
            "props": Object {
              "children": Array [
                <div>
                  A bridge stretches away to the east.
                </div>,
                <div>
                  There is a closed door at the end of the platform.
                </div>,
              ],
            },
            "ref": null,
            "rendered": Array [
              Object {
                "instance": null,
                "key": undefined,
                "nodeType": "host",
                "props": Object {
                  "children": "A bridge stretches away to the east.",
                },
                "ref": null,
                "rendered": "A bridge stretches away to the east.",
                "type": "div",
              },
              Object {
                "instance": null,
                "key": undefined,
                "nodeType": "host",
                "props": Object {
                  "children": "There is a closed door at the end of the platform.",
                },
                "ref": null,
                "rendered": "There is a closed door at the end of the platform.",
                "type": "div",
              },
            ],
            "type": [Function],
          },
        ],
        "type": [Function],
      },
      "type": [Function],
    },
  ],
  Symbol(enzyme.__options__): Object {
    "adapter": ReactSixteenAdapter {
      "options": Object {
        "enableComponentDidUpdateOnSetState": true,
      },
    },
  },
}
`;
