// Jest Snapshot v1, https://goo.gl/fbAQLP

exports[`<Action /> renders 1`] = `
ShallowWrapper {
  "length": 1,
  Symbol(enzyme.__root__): [Circular],
  Symbol(enzyme.__unrendered__): <_default
    actions={Array []}
  />,
  Symbol(enzyme.__renderer__): Object {
    "batchedUpdates": [Function],
    "getNode": [Function],
    "render": [Function],
    "simulateEvent": [Function],
    "unmount": [Function],
  },
  Symbol(enzyme.__node__): Object {
    "instance": null,
    "key": undefined,
    "nodeType": "class",
    "props": Object {
      "children": Array [
        <MultiAction__Button
          active={false}
          onClick={[Function]}
        />,
        <MultiAction__ActionsList
          active={false}
          count={0}
          innerRef={
            Object {
              "current": null,
            }
          }
          itemSize={150}
          radius={250}
        />,
      ],
    },
    "ref": null,
    "rendered": Array [
      Object {
        "instance": null,
        "key": undefined,
        "nodeType": "class",
        "props": Object {
          "active": false,
          "children": undefined,
          "onClick": [Function],
        },
        "ref": null,
        "rendered": null,
        "type": [Function],
      },
      Object {
        "instance": null,
        "key": undefined,
        "nodeType": "class",
        "props": Object {
          "active": false,
          "children": Array [],
          "count": 0,
          "innerRef": Object {
            "current": null,
          },
          "itemSize": 150,
          "radius": 250,
        },
        "ref": null,
        "rendered": Array [],
        "type": [Function],
      },
    ],
    "type": [Function],
  },
  Symbol(enzyme.__nodes__): Array [
    Object {
      "instance": null,
      "key": undefined,
      "nodeType": "class",
      "props": Object {
        "children": Array [
          <MultiAction__Button
            active={false}
            onClick={[Function]}
          />,
          <MultiAction__ActionsList
            active={false}
            count={0}
            innerRef={
              Object {
                "current": null,
              }
            }
            itemSize={150}
            radius={250}
          />,
        ],
      },
      "ref": null,
      "rendered": Array [
        Object {
          "instance": null,
          "key": undefined,
          "nodeType": "class",
          "props": Object {
            "active": false,
            "children": undefined,
            "onClick": [Function],
          },
          "ref": null,
          "rendered": null,
          "type": [Function],
        },
        Object {
          "instance": null,
          "key": undefined,
          "nodeType": "class",
          "props": Object {
            "active": false,
            "children": Array [],
            "count": 0,
            "innerRef": Object {
              "current": null,
            },
            "itemSize": 150,
            "radius": 250,
          },
          "ref": null,
          "rendered": Array [],
          "type": [Function],
        },
      ],
      "type": [Function],
    },
  ],
  Symbol(enzyme.__options__): Object {
    "adapter": ReactSixteenAdapter {
      "options": Object {
        "enableComponentDidUpdateOnSetState": true,
      },
    },
  },
}
`;
