// Jest Snapshot v1, https://goo.gl/fbAQLP

exports[`<EventsPanel /> renders 1`] = `ShallowWrapper {}`;
