// Jest Snapshot v1, https://goo.gl/fbAQLP

exports[`<StatusPanel /> renders 1`] = `
ShallowWrapper {
  "length": 1,
  Symbol(enzyme.__root__): [Circular],
  Symbol(enzyme.__unrendered__): <_default />,
  Symbol(enzyme.__renderer__): Object {
    "batchedUpdates": [Function],
    "getNode": [Function],
    "render": [Function],
    "simulateEvent": [Function],
    "unmount": [Function],
  },
  Symbol(enzyme.__node__): Object {
    "instance": null,
    "key": undefined,
    "nodeType": "class",
    "props": Object {
      "children": Array [
        <StatusPanel__PlayerStatus>
          You feel oppressed, and hungry.
        </StatusPanel__PlayerStatus>,
        <StatusPanel__TimeOfDay>
          It is late in the day.
        </StatusPanel__TimeOfDay>,
      ],
    },
    "ref": null,
    "rendered": Array [
      Object {
        "instance": null,
        "key": undefined,
        "nodeType": "class",
        "props": Object {
          "children": "You feel oppressed, and hungry.",
        },
        "ref": null,
        "rendered": "You feel oppressed, and hungry.",
        "type": [Function],
      },
      Object {
        "instance": null,
        "key": undefined,
        "nodeType": "class",
        "props": Object {
          "children": "It is late in the day.",
        },
        "ref": null,
        "rendered": "It is late in the day.",
        "type": [Function],
      },
    ],
    "type": [Function],
  },
  Symbol(enzyme.__nodes__): Array [
    Object {
      "instance": null,
      "key": undefined,
      "nodeType": "class",
      "props": Object {
        "children": Array [
          <StatusPanel__PlayerStatus>
            You feel oppressed, and hungry.
          </StatusPanel__PlayerStatus>,
          <StatusPanel__TimeOfDay>
            It is late in the day.
          </StatusPanel__TimeOfDay>,
        ],
      },
      "ref": null,
      "rendered": Array [
        Object {
          "instance": null,
          "key": undefined,
          "nodeType": "class",
          "props": Object {
            "children": "You feel oppressed, and hungry.",
          },
          "ref": null,
          "rendered": "You feel oppressed, and hungry.",
          "type": [Function],
        },
        Object {
          "instance": null,
          "key": undefined,
          "nodeType": "class",
          "props": Object {
            "children": "It is late in the day.",
          },
          "ref": null,
          "rendered": "It is late in the day.",
          "type": [Function],
        },
      ],
      "type": [Function],
    },
  ],
  Symbol(enzyme.__options__): Object {
    "adapter": ReactSixteenAdapter {
      "options": Object {
        "enableComponentDidUpdateOnSetState": true,
      },
    },
  },
}
`;
